src/backend/blocks/BlockActionExecutor.ts(171,11): error TS2322: Type 'readonly string[] | undefined' is not assignable to type 'string[] | undefined'.
  The type 'readonly string[]' is 'readonly' and cannot be assigned to the mutable type 'string[]'.
src/backend/blocks/BlockActionExecutor.ts(256,19): error TS2540: Cannot assign to 'status' because it is a read-only property.
src/backend/blocks/BlockActionExecutor.ts(257,19): error TS2540: Cannot assign to 'statusSymbol' because it is a read-only property.
src/backend/blocks/BlockActionExecutor.ts(258,19): error TS2540: Cannot assign to 'doneAt' because it is a read-only property.
src/backend/blocks/BlockActionExecutor.ts(259,19): error TS2540: Cannot assign to 'lastCompletedAt' because it is a read-only property.
src/backend/blocks/BlockActionExecutor.ts(260,19): error TS2540: Cannot assign to 'cancelledAt' because it is a read-only property.
src/backend/blocks/BlockActionExecutor.ts(262,19): error TS2540: Cannot assign to 'status' because it is a read-only property.
src/backend/blocks/BlockActionExecutor.ts(263,19): error TS2540: Cannot assign to 'statusSymbol' because it is a read-only property.
src/backend/blocks/BlockActionExecutor.ts(264,19): error TS2540: Cannot assign to 'cancelledAt' because it is a read-only property.
src/backend/blocks/BlockActionExecutor.ts(265,19): error TS2540: Cannot assign to 'doneAt' because it is a read-only property.
src/backend/blocks/BlockActionExecutor.ts(267,19): error TS2540: Cannot assign to 'status' because it is a read-only property.
src/backend/blocks/BlockActionExecutor.ts(268,19): error TS2540: Cannot assign to 'statusSymbol' because it is a read-only property.
src/backend/blocks/BlockActionExecutor.ts(281,19): error TS2540: Cannot assign to 'dueAt' because it is a read-only property.
src/backend/blocks/BlockActionExecutor.ts(286,19): error TS2540: Cannot assign to 'dueAt' because it is a read-only property.
src/backend/blocks/BlockActionExecutor.ts(314,17): error TS2540: Cannot assign to 'enabled' because it is a read-only property.
src/backend/blocks/BlockActionExecutor.ts(321,17): error TS2540: Cannot assign to 'tags' because it is a read-only property.
src/backend/blocks/BlockActionExecutor.ts(326,17): error TS2540: Cannot assign to 'tags' because it is a read-only property.
src/backend/blocks/BlockActionExecutor.ts(331,17): error TS2540: Cannot assign to 'priority' because it is a read-only property.
src/backend/blocks/BlockActionExecutor.ts(339,17): error TS2540: Cannot assign to 'description' because it is a read-only property.
src/backend/cache/TaskCache.ts(203,17): error TS2540: Cannot assign to 'dueAt' because it is a read-only property.
src/backend/cache/TaskCache.ts(208,17): error TS2540: Cannot assign to 'status' because it is a read-only property.
src/backend/cache/TaskCache.ts(215,19): error TS2540: Cannot assign to 'enabled' because it is a read-only property.
src/backend/cache/TaskCache.ts(221,17): error TS2540: Cannot assign to 'lastCompletedAt' because it is a read-only property.
src/backend/cache/TaskCache.ts(226,17): error TS2540: Cannot assign to 'recurrence' because it is a read-only property.
src/backend/core/actions/CompletionHandler.ts(79,25): error TS2345: Argument of type 'import("C:/Users/Pro/Documents/the optmaztion/task-recurring-notification-management-master/src/backend/core/models/Task").Task' is not assignable to parameter of type 'import("C:/Users/Pro/Documents/the optmaztion/task-recurring-notification-management-master/src/domain/models/Task").Task'.
  Types of property 'completionHistory' are incompatible.
    Type 'readonly import("C:/Users/Pro/Documents/the optmaztion/task-recurring-notification-management-master/src/backend/core/models/Task").CompletionHistoryEntry[] | undefined' is not assignable to type 'readonly import("C:/Users/Pro/Documents/the optmaztion/task-recurring-notification-management-master/src/domain/models/Task").CompletionHistoryEntry[] | undefined'.
      Type 'readonly import("C:/Users/Pro/Documents/the optmaztion/task-recurring-notification-management-master/src/backend/core/models/Task").CompletionHistoryEntry[]' is not assignable to type 'readonly import("C:/Users/Pro/Documents/the optmaztion/task-recurring-notification-management-master/src/domain/models/Task").CompletionHistoryEntry[]'.
        Type 'import("C:/Users/Pro/Documents/the optmaztion/task-recurring-notification-management-master/src/backend/core/models/Task").CompletionHistoryEntry' is not assignable to type 'import("C:/Users/Pro/Documents/the optmaztion/task-recurring-notification-management-master/src/domain/models/Task").CompletionHistoryEntry'.
          Types of property 'completedAt' are incompatible.
            Type 'string' is not assignable to type 'ISODateString'.
              Type 'string' is not assignable to type '{ readonly [__brand]: "ISODateString"; }'.
src/backend/core/actions/CompletionHandler.ts(165,24): error TS2345: Argument of type 'import("C:/Users/Pro/Documents/the optmaztion/task-recurring-notification-management-master/src/backend/core/models/Task").Task' is not assignable to parameter of type 'import("C:/Users/Pro/Documents/the optmaztion/task-recurring-notification-management-master/src/domain/models/Task").Task'.
  Types of property 'completionHistory' are incompatible.
    Type 'readonly import("C:/Users/Pro/Documents/the optmaztion/task-recurring-notification-management-master/src/backend/core/models/Task").CompletionHistoryEntry[] | undefined' is not assignable to type 'readonly import("C:/Users/Pro/Documents/the optmaztion/task-recurring-notification-management-master/src/domain/models/Task").CompletionHistoryEntry[] | undefined'.
      Type 'readonly import("C:/Users/Pro/Documents/the optmaztion/task-recurring-notification-management-master/src/backend/core/models/Task").CompletionHistoryEntry[]' is not assignable to type 'readonly import("C:/Users/Pro/Documents/the optmaztion/task-recurring-notification-management-master/src/domain/models/Task").CompletionHistoryEntry[]'.
        Type 'import("C:/Users/Pro/Documents/the optmaztion/task-recurring-notification-management-master/src/backend/core/models/Task").CompletionHistoryEntry' is not assignable to type 'import("C:/Users/Pro/Documents/the optmaztion/task-recurring-notification-management-master/src/domain/models/Task").CompletionHistoryEntry'.
          Types of property 'completedAt' are incompatible.
            Type 'string' is not assignable to type 'ISODateString'.
              Type 'string' is not assignable to type '{ readonly [__brand]: "ISODateString"; }'.
src/backend/core/actions/CompletionHandler.ts(171,51): error TS2345: Argument of type 'import("C:/Users/Pro/Documents/the optmaztion/task-recurring-notification-management-master/src/backend/core/models/Task").Task' is not assignable to parameter of type 'import("C:/Users/Pro/Documents/the optmaztion/task-recurring-notification-management-master/src/domain/models/Task").Task'.
  Types of property 'completionHistory' are incompatible.
    Type 'readonly import("C:/Users/Pro/Documents/the optmaztion/task-recurring-notification-management-master/src/backend/core/models/Task").CompletionHistoryEntry[] | undefined' is not assignable to type 'readonly import("C:/Users/Pro/Documents/the optmaztion/task-recurring-notification-management-master/src/domain/models/Task").CompletionHistoryEntry[] | undefined'.
      Type 'readonly import("C:/Users/Pro/Documents/the optmaztion/task-recurring-notification-management-master/src/backend/core/models/Task").CompletionHistoryEntry[]' is not assignable to type 'readonly import("C:/Users/Pro/Documents/the optmaztion/task-recurring-notification-management-master/src/domain/models/Task").CompletionHistoryEntry[]'.
        Type 'import("C:/Users/Pro/Documents/the optmaztion/task-recurring-notification-management-master/src/backend/core/models/Task").CompletionHistoryEntry' is not assignable to type 'import("C:/Users/Pro/Documents/the optmaztion/task-recurring-notification-management-master/src/domain/models/Task").CompletionHistoryEntry'.
          Types of property 'completedAt' are incompatible.
            Type 'string' is not assignable to type 'ISODateString'.
              Type 'string' is not assignable to type '{ readonly [__brand]: "ISODateString"; }'.
src/backend/core/actions/CompletionHandler.ts(199,19): error TS2540: Cannot assign to 'recurrence' because it is a read-only property.
src/backend/core/actions/CompletionHandler.ts(204,19): error TS2540: Cannot assign to 'scheduledAt' because it is a read-only property.
src/backend/core/dependencies/BlockedStateEvaluator.ts(54,23): error TS2345: Argument of type 'string | undefined' is not assignable to parameter of type 'string'.
  Type 'undefined' is not assignable to type 'string'.
src/backend/core/dependencies/BlockedStateEvaluator.ts(56,18): error TS2345: Argument of type 'string | undefined' is not assignable to parameter of type 'string'.
  Type 'undefined' is not assignable to type 'string'.
src/backend/core/dependencies/BlockedStateEvaluator.ts(57,19): error TS2345: Argument of type 'string | undefined' is not assignable to parameter of type 'string'.
  Type 'undefined' is not assignable to type 'string'.
src/backend/core/dependencies/BlockedStateEvaluator.ts(58,7): error TS2322: Type 'string | undefined' is not assignable to type 'string'.
  Type 'undefined' is not assignable to type 'string'.
src/backend/core/engine/recurrence/RecurrenceEngine.ts(510,38): error TS2339: Property 'dtstart' does not exist on type 'Recurrence'.
src/backend/core/engine/recurrence/RecurrenceEngine.ts(659,26): error TS2345: Argument of type 'number | undefined' is not assignable to parameter of type 'number'.
  Type 'undefined' is not assignable to type 'number'.
src/backend/core/engine/recurrence/RecurrenceValidator.ts(152,19): error TS18048: 'maxDays' is possibly 'undefined'.
src/backend/core/engine/recurrence/RecurrenceValidator.ts(219,18): error TS2358: The left-hand side of an 'instanceof' expression must be of type 'any', an object type or a type parameter.
src/backend/core/engine/recurrence/RecurrenceValidator.ts(220,31): error TS2339: Property 'rrules' does not exist on type 'never'.
src/backend/core/engine/recurrence/utils.ts(27,14): error TS2358: The left-hand side of an 'instanceof' expression must be of type 'any', an object type or a type parameter.
src/backend/core/engine/recurrence/utils.ts(28,27): error TS2339: Property 'rrules' does not exist on type 'never'.
src/backend/core/engine/SchedulerTimer.ts(59,22): error TS2352: Conversion of type 'Timeout' to type 'number' may be a mistake because neither type sufficiently overlaps with the other. If this was intentional, convert the expression to 'unknown' first.
src/backend/core/integration/TaskReminderBridge.ts(239,48): error TS2554: Expected 1-2 arguments, but got 3.
src/backend/core/migration/FrequencyToRecurrenceConverter.ts(390,32): error TS2345: Argument of type 'import("C:/Users/Pro/Documents/the optmaztion/task-recurring-notification-management-master/src/backend/core/models/Task").Task' is not assignable to parameter of type 'import("C:/Users/Pro/Documents/the optmaztion/task-recurring-notification-management-master/src/domain/models/Task").Task'.
  Types of property 'completionHistory' are incompatible.
    Type 'readonly import("C:/Users/Pro/Documents/the optmaztion/task-recurring-notification-management-master/src/backend/core/models/Task").CompletionHistoryEntry[] | undefined' is not assignable to type 'readonly import("C:/Users/Pro/Documents/the optmaztion/task-recurring-notification-management-master/src/domain/models/Task").CompletionHistoryEntry[] | undefined'.
      Type 'readonly import("C:/Users/Pro/Documents/the optmaztion/task-recurring-notification-management-master/src/backend/core/models/Task").CompletionHistoryEntry[]' is not assignable to type 'readonly import("C:/Users/Pro/Documents/the optmaztion/task-recurring-notification-management-master/src/domain/models/Task").CompletionHistoryEntry[]'.
        Type 'import("C:/Users/Pro/Documents/the optmaztion/task-recurring-notification-management-master/src/backend/core/models/Task").CompletionHistoryEntry' is not assignable to type 'import("C:/Users/Pro/Documents/the optmaztion/task-recurring-notification-management-master/src/domain/models/Task").CompletionHistoryEntry'.
          Types of property 'completedAt' are incompatible.
            Type 'string' is not assignable to type 'ISODateString'.
              Type 'string' is not assignable to type '{ readonly [__brand]: "ISODateString"; }'.
src/backend/core/migration/FrequencyToRecurrenceConverter.ts(481,12): error TS2352: Conversion of type '{ id: string; name: string; dueAt: string; createdAt: string; updatedAt: string; enabled: true; frequency: { rruleString: string; whenDone: boolean | undefined; time: string | undefined; }; }' to type 'Task' may be a mistake because neither type sufficiently overlaps with the other. If this was intentional, convert the expression to 'unknown' first.
  Type '{ id: string; name: string; dueAt: string; createdAt: string; updatedAt: string; enabled: true; frequency: { rruleString: string; whenDone: boolean | undefined; time: string | undefined; }; }' is missing the following properties from type 'Task': version, status
src/backend/core/migration/FrequencyToRecurrenceConverter.ts(504,12): error TS2352: Conversion of type '{ id: string; name: string; dueAt: string; createdAt: string; updatedAt: string; enabled: true; frequency: { rruleString: string; dtstart: string; whenDone: boolean | undefined; time: string | undefined; timezone: string | undefined; }; }' to type 'Task' may be a mistake because neither type sufficiently overlaps with the other. If this was intentional, convert the expression to 'unknown' first.
  Type '{ id: string; name: string; dueAt: string; createdAt: string; updatedAt: string; enabled: true; frequency: { rruleString: string; dtstart: string; whenDone: boolean | undefined; time: string | undefined; timezone: string | undefined; }; }' is missing the following properties from type 'Task': version, status
src/backend/core/migration/FrequencyToRecurrenceConverter.ts(534,24): error TS2339: Property 'rruleString' does not exist on type 'Frequency'.
src/backend/core/parsers/DateParser.ts(76,31): error TS2345: Argument of type 'string | undefined' is not assignable to parameter of type 'string'.
  Type 'undefined' is not assignable to type 'string'.
src/backend/core/parsers/DateParser.ts(79,11): error TS18048: 'unit' is possibly 'undefined'.
src/backend/core/parsers/DateParser.ts(81,18): error TS18048: 'unit' is possibly 'undefined'.
src/backend/core/parsers/DateParser.ts(83,18): error TS18048: 'unit' is possibly 'undefined'.
src/backend/core/parsers/DateParser.ts(92,31): error TS2345: Argument of type 'string | undefined' is not assignable to parameter of type 'string'.
  Type 'undefined' is not assignable to type 'string'.
src/backend/core/parsers/DateParser.ts(95,11): error TS18048: 'unit' is possibly 'undefined'.
src/backend/core/parsers/DateParser.ts(97,18): error TS18048: 'unit' is possibly 'undefined'.
src/backend/core/parsers/DateParser.ts(99,18): error TS18048: 'unit' is possibly 'undefined'.
src/backend/core/parsers/DateParser.ts(110,42): error TS2345: Argument of type 'string | undefined' is not assignable to parameter of type 'string'.
  Type 'undefined' is not assignable to type 'string'.
src/backend/core/parsers/DateParser.ts(128,42): error TS2345: Argument of type 'string | undefined' is not assignable to parameter of type 'string'.
  Type 'undefined' is not assignable to type 'string'.
src/backend/core/parsers/DateParser.ts(277,21): error TS18048: 'dayName' is possibly 'undefined'.
src/backend/core/parsers/DateParser.ts(286,11): error TS2322: Type 'string | undefined' is not assignable to type 'string'.
  Type 'undefined' is not assignable to type 'string'.
src/backend/core/parsers/DateParser.ts(361,30): error TS2345: Argument of type 'string | undefined' is not assignable to parameter of type 'string'.
  Type 'undefined' is not assignable to type 'string'.
src/backend/core/parsers/DateParser.ts(362,32): error TS2345: Argument of type 'string | undefined' is not assignable to parameter of type 'string'.
  Type 'undefined' is not assignable to type 'string'.
src/backend/core/parsers/DateParser.ts(371,28): error TS2345: Argument of type 'string | undefined' is not assignable to parameter of type 'string'.
  Type 'undefined' is not assignable to type 'string'.
src/backend/core/query/groupers/PathGrouper.ts(53,30): error TS2322: Type 'string | undefined' is not assignable to type 'string'.
  Type 'undefined' is not assignable to type 'string'.
src/backend/core/query/QueryEngine.ts(305,39): error TS2345: Argument of type 'string | number | boolean | Date | RegexSpec | null' is not assignable to parameter of type 'StatusType'.
  Type 'null' is not assignable to type 'StatusType'.
src/backend/core/query/QueryEngine.ts(307,39): error TS2345: Argument of type 'string | number | boolean | Date | RegexSpec | null' is not assignable to parameter of type 'string'.
  Type 'null' is not assignable to type 'string'.
src/backend/core/query/QueryEngine.ts(309,41): error TS2345: Argument of type 'string | number | boolean | Date | RegexSpec | null' is not assignable to parameter of type 'string'.
  Type 'null' is not assignable to type 'string'.
src/backend/core/query/QueryEngine.ts(315,36): error TS18047: 'node.value' is possibly 'null'.
src/backend/core/query/QueryEngine.ts(315,47): error TS2339: Property 'field' does not exist on type 'string | number | boolean | Date | RegexSpec'.
  Property 'field' does not exist on type 'string'.
src/backend/core/query/QueryEngine.ts(318,13): error TS18047: 'node.value' is possibly 'null'.
src/backend/core/query/QueryEngine.ts(318,24): error TS2339: Property 'field' does not exist on type 'string | number | boolean | Date | RegexSpec'.
  Property 'field' does not exist on type 'string'.
src/backend/core/query/QueryEngine.ts(320,13): error TS18047: 'node.value' is possibly 'null'.
src/backend/core/query/QueryEngine.ts(320,24): error TS2339: Property 'date' does not exist on type 'string | number | boolean | Date | RegexSpec'.
  Property 'date' does not exist on type 'string'.
src/backend/core/query/QueryEngine.ts(321,13): error TS18047: 'node.value' is possibly 'null'.
src/backend/core/query/QueryEngine.ts(321,24): error TS2339: Property 'endDate' does not exist on type 'string | number | boolean | Date | RegexSpec'.
  Property 'endDate' does not exist on type 'string'.
src/backend/core/query/QueryEngine.ts(325,13): error TS18047: 'node.value' is possibly 'null'.
src/backend/core/query/QueryEngine.ts(325,24): error TS2339: Property 'field' does not exist on type 'string | number | boolean | Date | RegexSpec'.
  Property 'field' does not exist on type 'string'.
src/backend/core/query/QueryEngine.ts(327,13): error TS18047: 'node.value' is possibly 'null'.
src/backend/core/query/QueryEngine.ts(327,24): error TS2339: Property 'date' does not exist on type 'string | number | boolean | Date | RegexSpec'.
  Property 'date' does not exist on type 'string'.
src/backend/core/query/QueryEngine.ts(367,40): error TS2345: Argument of type 'string | number | boolean | Date | RegexSpec | null' is not assignable to parameter of type 'string'.
  Type 'null' is not assignable to type 'string'.
src/backend/core/query/QueryEngine.ts(371,31): error TS2345: Argument of type 'string | number | boolean | Date | RegexSpec | null' is not assignable to parameter of type 'string'.
  Type 'null' is not assignable to type 'string'.
src/backend/core/query/QueryEngine.ts(387,11): error TS2345: Argument of type 'string | number | boolean | Date | RegexSpec | null' is not assignable to parameter of type 'string'.
  Type 'null' is not assignable to type 'string'.
src/backend/core/query/QueryEngine.ts(392,43): error TS2345: Argument of type 'string | number | boolean | Date | RegexSpec | null' is not assignable to parameter of type 'RegexSpec'.
  Type 'null' is not assignable to type 'RegexSpec'.
src/backend/core/query/QueryEngine.ts(395,36): error TS2345: Argument of type 'string | number | boolean | Date | RegexSpec | null' is not assignable to parameter of type 'RegexSpec'.
  Type 'null' is not assignable to type 'RegexSpec'.
src/backend/core/query/QueryEngine.ts(398,35): error TS2345: Argument of type 'string | number | boolean | Date | RegexSpec | null' is not assignable to parameter of type 'RegexSpec'.
  Type 'null' is not assignable to type 'RegexSpec'.
src/backend/core/query/QueryEngine.ts(403,11): error TS2345: Argument of type 'string | number | boolean | Date | RegexSpec | null' is not assignable to parameter of type 'string'.
  Type 'null' is not assignable to type 'string'.
src/backend/core/query/QueryEngine.ts(409,18): error TS2554: Expected 3 arguments, but got 2.
src/backend/core/query/QueryEngine.ts(410,18): error TS2554: Expected 3 arguments, but got 2.
src/backend/core/query/QueryEngine.ts(414,18): error TS2554: Expected 3 arguments, but got 2.
src/backend/core/query/QueryEngine.ts(415,18): error TS2554: Expected 3 arguments, but got 2.
src/backend/core/query/QueryEngine.ts(418,37): error TS2554: Expected 3 arguments, but got 2.
src/backend/core/query/QueryExplanation.ts(482,28): error TS18047: 'filter.value' is possibly 'null'.
src/backend/core/query/QueryExplanation.ts(482,41): error TS2339: Property 'field' does not exist on type 'string | number | boolean | Date | RegexSpec'.
  Property 'field' does not exist on type 'string'.
src/backend/core/query/QueryExplanation.ts(482,50): error TS18047: 'filter.value' is possibly 'null'.
src/backend/core/query/QueryExplanation.ts(482,63): error TS2339: Property 'comparator' does not exist on type 'string | number | boolean | Date | RegexSpec'.
  Property 'comparator' does not exist on type 'string'.
src/backend/core/query/QueryExplanation.ts(482,77): error TS18047: 'filter.value' is possibly 'null'.
src/backend/core/query/QueryExplanation.ts(482,90): error TS2339: Property 'date' does not exist on type 'string | number | boolean | Date | RegexSpec'.
  Property 'date' does not exist on type 'string'.
src/backend/core/query/QueryParser.ts(91,33): error TS2532: Object is possibly 'undefined'.
src/backend/core/query/QueryParser.ts(117,11): error TS18048: 'line' is possibly 'undefined'.
src/backend/core/query/QueryParser.ts(118,46): error TS2345: Argument of type 'string | undefined' is not assignable to parameter of type 'string'.
  Type 'undefined' is not assignable to type 'string'.
src/backend/core/query/QueryParser.ts(119,18): error TS18048: 'line' is possibly 'undefined'.
src/backend/core/query/QueryParser.ts(120,48): error TS2345: Argument of type 'string | undefined' is not assignable to parameter of type 'string'.
  Type 'undefined' is not assignable to type 'string'.
src/backend/core/query/QueryParser.ts(121,18): error TS18048: 'line' is possibly 'undefined'.
src/backend/core/query/QueryParser.ts(121,47): error TS18048: 'line' is possibly 'undefined'.
src/backend/core/query/QueryParser.ts(122,48): error TS2345: Argument of type 'string | undefined' is not assignable to parameter of type 'string'.
  Type 'undefined' is not assignable to type 'string'.
src/backend/core/query/QueryParser.ts(123,36): error TS2345: Argument of type 'string | undefined' is not assignable to parameter of type 'string'.
  Type 'undefined' is not assignable to type 'string'.
src/backend/core/query/QueryParser.ts(127,52): error TS2345: Argument of type 'string | undefined' is not assignable to parameter of type 'string'.
  Type 'undefined' is not assignable to type 'string'.
src/backend/core/query/QueryParser.ts(388,58): error TS2353: Object literal may only specify known properties, and 'field' does not exist in type 'Date | RegexSpec'.
src/backend/core/query/QueryParser.ts(393,58): error TS2353: Object literal may only specify known properties, and 'field' does not exist in type 'Date | RegexSpec'.
src/backend/core/query/QueryParser.ts(399,30): error TS2532: Object is possibly 'undefined'.
src/backend/core/query/QueryParser.ts(400,28): error TS2532: Object is possibly 'undefined'.
src/backend/core/query/QueryParser.ts(426,20): error TS2353: Object literal may only specify known properties, and 'field' does not exist in type 'Date | RegexSpec'.
src/backend/core/query/QueryParser.ts(451,22): error TS2353: Object literal may only specify known properties, and 'field' does not exist in type 'Date | RegexSpec'.
src/backend/core/query/QueryParser.ts(489,9): error TS2322: Type 'string | undefined' is not assignable to type 'string'.
  Type 'undefined' is not assignable to type 'string'.
src/backend/core/query/QueryParser.ts(498,16): error TS2532: Object is possibly 'undefined'.
src/backend/core/query/QueryParser.ts(499,18): error TS2532: Object is possibly 'undefined'.
src/backend/core/query/QueryParser.ts(506,14): error TS2532: Object is possibly 'undefined'.
src/backend/core/query/QueryParser.ts(507,16): error TS2532: Object is possibly 'undefined'.
src/backend/core/query/QueryParser.ts(524,7): error TS2322: Type 'string | undefined' is not assignable to type 'string'.
  Type 'undefined' is not assignable to type 'string'.
src/backend/core/query/QueryParser.ts(531,23): error TS2345: Argument of type 'string | undefined' is not assignable to parameter of type 'string'.
  Type 'undefined' is not assignable to type 'string'.
src/backend/core/query/QueryParser.ts(536,23): error TS2345: Argument of type 'string | undefined' is not assignable to parameter of type 'string'.
  Type 'undefined' is not assignable to type 'string'.
src/backend/core/query/QueryParser.ts(631,38): error TS2345: Argument of type 'string | undefined' is not assignable to parameter of type 'string'.
  Type 'undefined' is not assignable to type 'string'.
src/backend/core/query/QueryParser.ts(635,42): error TS2345: Argument of type 'string | undefined' is not assignable to parameter of type 'string'.
  Type 'undefined' is not assignable to type 'string'.
src/backend/core/query/QueryParser.ts(642,40): error TS2345: Argument of type 'string | undefined' is not assignable to parameter of type 'string'.
  Type 'undefined' is not assignable to type 'string'.
src/backend/core/query/QueryParser.ts(658,38): error TS2345: Argument of type 'string | undefined' is not assignable to parameter of type 'string'.
  Type 'undefined' is not assignable to type 'string'.
src/backend/core/query/QueryParser.ts(662,42): error TS2345: Argument of type 'string | undefined' is not assignable to parameter of type 'string'.
  Type 'undefined' is not assignable to type 'string'.
src/backend/core/query/QueryParser.ts(669,40): error TS2345: Argument of type 'string | undefined' is not assignable to parameter of type 'string'.
  Type 'undefined' is not assignable to type 'string'.
src/backend/core/query/QueryParser.ts(1056,36): error TS2538: Type 'undefined' cannot be used as an index type.
src/backend/core/query/QueryParser.ts(1057,47): error TS2345: Argument of type 'string | undefined' is not assignable to parameter of type 'string'.
  Type 'undefined' is not assignable to type 'string'.
src/backend/core/query/QueryParser.ts(1063,27): error TS2532: Object is possibly 'undefined'.
src/backend/core/query/QueryParser.ts(1070,47): error TS2345: Argument of type 'string | undefined' is not assignable to parameter of type 'string'.
  Type 'undefined' is not assignable to type 'string'.
src/backend/core/query/QueryParser.ts(1092,36): error TS2538: Type 'undefined' cannot be used as an index type.
src/backend/core/query/QueryParser.ts(1093,64): error TS2532: Object is possibly 'undefined'.
src/backend/core/query/QueryParser.ts(1098,27): error TS2532: Object is possibly 'undefined'.
src/backend/core/query/QueryParser.ts(1105,64): error TS2532: Object is possibly 'undefined'.
src/backend/core/query/QueryParser.ts(1126,36): error TS2538: Type 'undefined' cannot be used as an index type.
src/backend/core/query/QueryParser.ts(1127,75): error TS2345: Argument of type 'string | undefined' is not assignable to parameter of type 'string'.
  Type 'undefined' is not assignable to type 'string'.
src/backend/core/query/QueryParser.ts(1132,27): error TS2532: Object is possibly 'undefined'.
src/backend/core/query/QueryParser.ts(1139,75): error TS2345: Argument of type 'string | undefined' is not assignable to parameter of type 'string'.
  Type 'undefined' is not assignable to type 'string'.
src/backend/core/query/QueryParser.ts(1151,18): error TS2532: Object is possibly 'undefined'.
src/backend/core/query/QueryParser.ts(1155,33): error TS2532: Object is possibly 'undefined'.
src/backend/core/services/TaskCreationService.ts(62,49): error TS2345: Argument of type 'LegacyFrequency' is not assignable to parameter of type 'Frequency'.
  Types of property 'interval' are incompatible.
    Type 'number | undefined' is not assignable to type 'number'.
      Type 'undefined' is not assignable to type 'number'.
src/backend/core/services/TaskCreationService.ts(66,12): error TS2540: Cannot assign to 'recurrence' because it is a read-only property.
src/backend/core/services/TaskCreationService.ts(67,12): error TS2540: Cannot assign to 'recurrenceText' because it is a read-only property.
src/backend/core/services/TaskCreationService.ts(72,12): error TS2540: Cannot assign to 'priority' because it is a read-only property.
src/backend/core/services/TaskCreationService.ts(76,12): error TS2540: Cannot assign to 'tags' because it is a read-only property.
src/backend/core/services/TaskCreationService.ts(80,12): error TS2540: Cannot assign to 'description' because it is a read-only property.
src/backend/core/services/TaskCreationService.ts(84,12): error TS2540: Cannot assign to 'notificationChannels' because it is a read-only property.
src/backend/core/services/TaskCreationService.ts(88,12): error TS2540: Cannot assign to 'timezone' because it is a read-only property.
src/backend/core/settings/FilenameDate.ts(72,33): error TS2345: Argument of type 'string | undefined' is not assignable to parameter of type 'string'.
  Type 'undefined' is not assignable to type 'string'.
src/backend/core/settings/FilenameDate.ts(73,34): error TS2345: Argument of type 'string | undefined' is not assignable to parameter of type 'string'.
  Type 'undefined' is not assignable to type 'string'.
src/backend/core/settings/FilenameDate.ts(74,32): error TS2345: Argument of type 'string | undefined' is not assignable to parameter of type 'string'.
  Type 'undefined' is not assignable to type 'string'.
src/backend/core/settings/FilenameDate.ts(82,33): error TS2345: Argument of type 'string | undefined' is not assignable to parameter of type 'string'.
  Type 'undefined' is not assignable to type 'string'.
src/backend/core/settings/FilenameDate.ts(83,34): error TS2345: Argument of type 'string | undefined' is not assignable to parameter of type 'string'.
  Type 'undefined' is not assignable to type 'string'.
src/backend/core/settings/FilenameDate.ts(84,32): error TS2345: Argument of type 'string | undefined' is not assignable to parameter of type 'string'.
  Type 'undefined' is not assignable to type 'string'.
src/backend/core/settings/FilenameDate.ts(92,32): error TS2345: Argument of type 'string | undefined' is not assignable to parameter of type 'string'.
  Type 'undefined' is not assignable to type 'string'.
src/backend/core/settings/FilenameDate.ts(93,34): error TS2345: Argument of type 'string | undefined' is not assignable to parameter of type 'string'.
  Type 'undefined' is not assignable to type 'string'.
src/backend/core/settings/FilenameDate.ts(94,33): error TS2345: Argument of type 'string | undefined' is not assignable to parameter of type 'string'.
  Type 'undefined' is not assignable to type 'string'.
src/backend/core/settings/FilenameDate.ts(102,34): error TS2345: Argument of type 'string | undefined' is not assignable to parameter of type 'string'.
  Type 'undefined' is not assignable to type 'string'.
src/backend/core/settings/FilenameDate.ts(103,32): error TS2345: Argument of type 'string | undefined' is not assignable to parameter of type 'string'.
  Type 'undefined' is not assignable to type 'string'.
src/backend/core/settings/FilenameDate.ts(104,33): error TS2345: Argument of type 'string | undefined' is not assignable to parameter of type 'string'.
  Type 'undefined' is not assignable to type 'string'.
src/backend/core/settings/FilenameDate.ts(112,33): error TS2345: Argument of type 'string | undefined' is not assignable to parameter of type 'string'.
  Type 'undefined' is not assignable to type 'string'.
src/backend/core/settings/FilenameDate.ts(113,34): error TS2345: Argument of type 'string | undefined' is not assignable to parameter of type 'string'.
  Type 'undefined' is not assignable to type 'string'.
src/backend/core/settings/FilenameDate.ts(114,32): error TS2345: Argument of type 'string | undefined' is not assignable to parameter of type 'string'.
  Type 'undefined' is not assignable to type 'string'.
src/backend/core/settings/FilenameDate.ts(122,32): error TS2345: Argument of type 'string | undefined' is not assignable to parameter of type 'string'.
  Type 'undefined' is not assignable to type 'string'.
src/backend/core/settings/FilenameDate.ts(123,34): error TS2345: Argument of type 'string | undefined' is not assignable to parameter of type 'string'.
  Type 'undefined' is not assignable to type 'string'.
src/backend/core/settings/FilenameDate.ts(124,33): error TS2345: Argument of type 'string | undefined' is not assignable to parameter of type 'string'.
  Type 'undefined' is not assignable to type 'string'.
src/backend/core/settings/PluginSettings.ts(442,38): error TS2352: Conversion of type 'GlobalFilterConfig' to type 'Record<string, unknown>' may be a mistake because neither type sufficiently overlaps with the other. If this was intentional, convert the expression to 'unknown' first.
  Index signature for type 'string' is missing in type 'GlobalFilterConfig'.
src/backend/core/settings/PluginSettings.ts(443,26): error TS2352: Conversion of type 'GlobalFilterConfig' to type 'Record<string, unknown>' may be a mistake because neither type sufficiently overlaps with the other. If this was intentional, convert the expression to 'unknown' first.
  Index signature for type 'string' is missing in type 'GlobalFilterConfig'.
src/backend/core/settings/PluginSettings.ts(459,7): error TS2322: Type 'string[]' is not assignable to type 'StatusType[]'.
  Type 'string' is not assignable to type 'StatusType'.
src/backend/core/settings/PluginSettings.ts(464,7): error TS2322: Type 'string' is not assignable to type '"tag" | "all" | "include" | "exclude"'.
src/backend/core/storage/TaskStorage.ts(462,15): error TS2540: Cannot assign to 'updatedAt' because it is a read-only property.
src/backend/core/storage/TaskStorage.ts(485,9): error TS2554: Expected 1-2 arguments, but got 3.
src/backend/core/storage/TaskStorage.ts(509,27): error TS2554: Expected 2 arguments, but got 1.
src/backend/core/storage/TaskStorage.ts(517,9): error TS2554: Expected 1-2 arguments, but got 3.
src/backend/core/utils/FrequencyConverter.ts(85,71): error TS2345: Argument of type 'Frequency' is not assignable to parameter of type 'LegacyFrequency'.
  Types of property 'daysOfWeek' are incompatible.
    Type 'readonly number[] | undefined' is not assignable to type 'number[] | undefined'.
      The type 'readonly number[]' is 'readonly' and cannot be assigned to the mutable type 'number[]'.
src/backend/core/utils/FrequencyConverter.ts(97,37): error TS2339: Property 'whenDone' does not exist on type 'Frequency'.
src/backend/core/utils/FrequencyConverter.ts(143,14): error TS2704: The operand of a 'delete' operator cannot be a read-only property.
src/backend/dependencies/DependencyValidator.ts(221,65): error TS2339: Property 'taskId' does not exist on type 'Task'.
src/backend/dependencies/DependencyValidator.ts(228,14): error TS2339: Property 'taskId' does not exist on type 'Task'.
src/backend/dependencies/DependencyValidator.ts(234,25): error TS2339: Property 'taskId' does not exist on type 'Task'.
src/backend/dependencies/index.ts(18,3): error TS2305: Module '"./DependencyGraph"' has no exported member 'GraphNode'.
src/backend/dependencies/index.ts(20,3): error TS2724: '"./DependencyGraph"' has no exported member named 'DependencyGraphOptions'. Did you mean 'DependencyGraphDeps'?
src/backend/events/EscalationManager.ts(277,57): error TS2345: Argument of type 'readonly { readonly missCount: number; readonly action: "notify" | "escalate" | "disable"; readonly channels?: readonly string[] | undefined; }[] | ({ missCount: number; action: "notify"; } | { missCount: number; action: "escalate"; })[]' is not assignable to parameter of type '{ missCount: number; action: string; channels?: string[] | undefined; }[]'.
  The type 'readonly { readonly missCount: number; readonly action: "notify" | "escalate" | "disable"; readonly channels?: readonly string[] | undefined; }[]' is 'readonly' and cannot be assigned to the mutable type '{ missCount: number; action: string; channels?: string[] | undefined; }[]'.
src/backend/services/event-service.types.ts(86,5): error TS2322: Type 'Frequency | undefined' is not assignable to type 'Frequency'.
  Type 'undefined' is not assignable to type 'Frequency'.
src/backend/services/event-service.types.ts(90,5): error TS2322: Type 'readonly string[] | undefined' is not assignable to type 'string[] | undefined'.
  The type 'readonly string[]' is 'readonly' and cannot be assigned to the mutable type 'string[]'.
src/backend/services/event-service.types.ts(91,5): error TS2322: Type 'readonly string[] | undefined' is not assignable to type 'string[] | undefined'.
  The type 'readonly string[]' is 'readonly' and cannot be assigned to the mutable type 'string[]'.
src/backend/services/TaskAdapterService.ts(110,5): error TS2741: Property 'version' is missing in type '{ id: string; name: string; dueAt: string; scheduledAt: string | undefined; startAt: string | undefined; createdAt: string; updatedAt: string; doneAt: string | undefined; cancelledAt: string | undefined; ... 11 more ...; path: string | undefined; }' but required in type 'Task'.
src/backend/services/TaskAdapterService.ts(173,7): error TS4104: The type 'readonly string[]' is 'readonly' and cannot be assigned to the mutable type 'string[]'.
src/backend/services/TaskAdapterService.ts(174,7): error TS4104: The type 'readonly string[]' is 'readonly' and cannot be assigned to the mutable type 'string[]'.
src/backend/services/TaskAdapterService.ts(225,9): error TS2322: Type 'readonly string[] | undefined' is not assignable to type 'string[] | undefined'.
  The type 'readonly string[]' is 'readonly' and cannot be assigned to the mutable type 'string[]'.
src/backend/services/TaskAdapterService.ts(232,9): error TS2322: Type 'readonly string[] | undefined' is not assignable to type 'string[] | undefined'.
  The type 'readonly string[]' is 'readonly' and cannot be assigned to the mutable type 'string[]'.
src/backend/services/TaskAdapterService.ts(233,9): error TS2322: Type 'readonly number[] | undefined' is not assignable to type 'number[] | undefined'.
  The type 'readonly number[]' is 'readonly' and cannot be assigned to the mutable type 'number[]'.
src/backend/services/TaskAdapterService.ts(236,9): error TS2322: Type 'readonly string[] | undefined' is not assignable to type 'string[] | undefined'.
  The type 'readonly string[]' is 'readonly' and cannot be assigned to the mutable type 'string[]'.
src/backend/services/TaskAdapterService.ts(250,12): error TS2678: Type '"highest"' is not comparable to type 'Priority'.
src/backend/services/TaskAdapterService.ts(251,12): error TS2678: Type '"high"' is not comparable to type 'Priority'.
src/backend/services/TaskAdapterService.ts(252,12): error TS2678: Type '"medium"' is not comparable to type 'Priority'.
src/backend/services/TaskAdapterService.ts(253,12): error TS2678: Type '"normal"' is not comparable to type 'Priority'.
src/backend/services/TaskAdapterService.ts(254,12): error TS2678: Type '"low"' is not comparable to type 'Priority'.
src/backend/services/TaskAdapterService.ts(255,12): error TS2678: Type '"lowest"' is not comparable to type 'Priority'.
src/backend/services/TaskAdapterService.ts(265,23): error TS2322: Type '"highest"' is not assignable to type 'Priority'.
src/backend/services/TaskAdapterService.ts(266,20): error TS2322: Type '"high"' is not assignable to type 'Priority'.
src/backend/services/TaskAdapterService.ts(267,22): error TS2322: Type '"medium"' is not assignable to type 'Priority'.
src/backend/services/TaskAdapterService.ts(268,19): error TS2322: Type '"low"' is not assignable to type 'Priority'.
src/backend/services/TaskAdapterService.ts(269,22): error TS2322: Type '"lowest"' is not assignable to type 'Priority'.
src/backend/services/TaskAdapterService.ts(270,16): error TS2322: Type '"medium"' is not assignable to type 'Priority'.
src/backend/services/TaskAdapterService.ts(289,45): error TS2353: Object literal may only specify known properties, and 'month' does not exist in type 'Frequency'.
src/backend/services/TaskAdapterService.ts(291,7): error TS2741: Property 'interval' is missing in type '{ type: "custom"; rrule: string; }' but required in type 'Frequency'.
src/backend/services/TaskAdapterService.ts(401,7): error TS2322: Type 'readonly string[] | undefined' is not assignable to type 'string[] | undefined'.
  The type 'readonly string[]' is 'readonly' and cannot be assigned to the mutable type 'string[]'.
src/backend/services/TaskAdapterService.ts(408,7): error TS2322: Type 'readonly string[] | undefined' is not assignable to type 'string[] | undefined'.
  The type 'readonly string[]' is 'readonly' and cannot be assigned to the mutable type 'string[]'.
src/backend/services/TaskAdapterService.ts(409,7): error TS2322: Type 'readonly number[] | undefined' is not assignable to type 'number[] | undefined'.
  The type 'readonly number[]' is 'readonly' and cannot be assigned to the mutable type 'number[]'.
src/backend/services/TaskAdapterService.ts(412,7): error TS2322: Type 'readonly string[] | undefined' is not assignable to type 'string[] | undefined'.
  The type 'readonly string[]' is 'readonly' and cannot be assigned to the mutable type 'string[]'.
src/backend/services/TaskAdapterService.ts(464,7): error TS2322: Type 'Frequency | { type: "once"; }' is not assignable to type 'Frequency | undefined'.
  Property 'interval' is missing in type '{ type: "once"; }' but required in type 'Frequency'.
src/backend/services/TaskService.ts(139,26): error TS2352: Conversion of type '{ id: string; name: string; dueAt: string; enabled: boolean; priority: Task["priority"]; tags: string[]; category: string; recurrence: { rrule: string; dtstart: string; } | undefined; blockId: string | undefined; rootId: string | undefined; workspaceId: string | undefined; createdAt: string; status: "todo"; }' to type 'Task' may be a mistake because neither type sufficiently overlaps with the other. If this was intentional, convert the expression to 'unknown' first.
  Type '{ id: string; name: string; dueAt: string; enabled: boolean; priority: TaskPriority | undefined; tags: string[]; category: string; recurrence: { rrule: string; dtstart: string; } | undefined; ... 4 more ...; status: "todo"; }' is missing the following properties from type 'Task': version, updatedAt
src/backend/services/WebhookEventService.ts(281,68): error TS2554: Expected 1-2 arguments, but got 3.
src/backend/services/WebhookEventService.ts(298,66): error TS2554: Expected 1-2 arguments, but got 3.
src/backend/services/WebhookEventService.ts(342,62): error TS2554: Expected 1-2 arguments, but got 3.
src/backend/services/WebhookEventService.ts(373,66): error TS2554: Expected 1-2 arguments, but got 3.
src/backend/services/WebhookEventService.ts(407,56): error TS2554: Expected 1-2 arguments, but got 3.
src/backend/services/WebhookEventService.ts(564,9): error TS4104: The type 'readonly string[]' is 'readonly' and cannot be assigned to the mutable type 'string[]'.
src/backend/services/WebhookEventService.ts(731,16): error TS2339: Property 'webhookUrl' does not exist on type 'NotificationConfig'.
src/backend/services/WebhookEventService.ts(731,54): error TS2339: Property 'webhookUrl' does not exist on type 'NotificationConfig'.
src/backend/services/WebhookEventService.ts(732,67): error TS2339: Property 'webhookUrl' does not exist on type 'NotificationConfig'.
src/backend/services/WebhookEventService.ts(737,16): error TS2339: Property 'enabled' does not exist on type 'NotificationConfig'.
src/backend/services/WebhookEventService.ts(737,48): error TS2339: Property 'enabled' does not exist on type 'NotificationConfig'.
src/backend/utils/task/task-templates.ts(1,15): error TS2724: '"@backend/core/models/Frequency"' has no exported member named 'FrequencyType'. Did you mean 'Frequency'?
src/backend/webhooks/WebhookQueue.ts(217,36): error TS2322: Type 'WebhookQueueItem | undefined' is not assignable to type 'WebhookQueueItem | null'.
  Type 'undefined' is not assignable to type 'WebhookQueueItem | null'.
src/backend/webhooks/WebhookQueue.ts(271,11): error TS2532: Object is possibly 'undefined'.
src/components/index.ts(23,10): error TS2305: Module '"@frontend/components/dashboard/index"' has no exported member 'default'.
src/components/index.ts(26,10): error TS2305: Module '"@frontend/components/query/index"' has no exported member 'default'.
src/frontend/components/shared/EditTaskUnified.ts(26,29): error TS2307: Cannot find module '@shared/types/Status' or its corresponding type declarations.
src/frontend/components/shared/EditTaskUnified.ts(74,5): error TS2322: Type 'unknown' is not assignable to type 'UnifiedTask'.
src/frontend/components/shared/EditTaskUnified.ts(75,5): error TS2448: Block-scoped variable 'unifiedTaskStore' used before its declaration.
src/frontend/components/shared/EditTaskUnified.ts(75,5): error TS2454: Variable 'unifiedTaskStore' is used before being assigned.
src/frontend/components/shared/EditTaskUnified.ts(122,13): error TS2698: Spread types may only be created from object types.
src/frontend/components/shared/IQuery.ts(10,30): error TS2307: Cannot find module '@components/shared/Query/Group/Grouper' or its corresponding type declarations.
src/frontend/components/shared/Menus/PriorityMenu.ts(3,41): error TS2307: Cannot find module '@components/shared/EditInstructions/PriorityInstructions' or its corresponding type declarations.
src/frontend/components/shared/Menus/PriorityMenu.ts(4,67): error TS2307: Cannot find module '@components/shared/Menus/TaskEditingMenu' or its corresponding type declarations.
src/frontend/components/shared/Menus/PriorityMenu.ts(24,14): error TS2339: Property 'addItemsForInstructions' does not exist on type 'PriorityMenu'.
src/frontend/components/shared/Menus/StatusMenu.ts(1,37): error TS2307: Cannot find module '@shared/types/StatusRegistry' or its corresponding type declarations.
src/frontend/components/shared/Menus/StatusMenu.ts(4,39): error TS2307: Cannot find module '@components/shared/EditInstructions/StatusInstructions' or its corresponding type declarations.
src/frontend/components/shared/Menus/StatusMenu.ts(5,67): error TS2307: Cannot find module '@components/shared/Menus/TaskEditingMenu' or its corresponding type declarations.
src/frontend/components/shared/Menus/StatusMenu.ts(27,14): error TS2339: Property 'addItemsForInstructions' does not exist on type 'StatusMenu'.
src/frontend/components/shared/Menus/TaskEditingMenu.ts(3,45): error TS2307: Cannot find module '@components/shared/EditInstructions/TaskEditingInstruction' or its corresponding type declarations.
src/frontend/components/shared/Menus/TaskEditingMenu.ts(4,52): error TS2307: Cannot find module '@components/shared/EditInstructions/MenuDividerInstruction' or its corresponding type declarations.
src/frontend/modals/TaskModal.ts(24,37): error TS2307: Cannot find module '@components/shared/EditTaskUnified' or its corresponding type declarations.
src/frontend/modals/TaskModal.ts(26,29): error TS2307: Cannot find module '@shared/types/Status' or its corresponding type declarations.
src/frontend/mounts/dialogMounts.ts(113,52): error TS2307: Cannot find module '@components/shared/EditTaskUnified' or its corresponding type declarations.
src/frontend/mounts/lazyMounts.ts(114,73): error TS2307: Cannot find module '@stores/TaskAnalytics.store' or its corresponding type declarations.
src/frontend/services/UITaskMutationService.ts(125,56): error TS2352: Conversion of type 'CreateTaskDTO' to type 'Record<string, unknown>' may be a mistake because neither type sufficiently overlaps with the other. If this was intentional, convert the expression to 'unknown' first.
  Index signature for type 'string' is missing in type 'CreateTaskDTO'.
src/frontend/stores/KeyboardShortcuts.store.ts(126,27): error TS2322: Type '{ [x: string]: KeyboardShortcut | { keys: string[]; id?: string | undefined; description?: string | undefined; category?: "global" | "navigation" | "editing" | "bulk" | "other" | undefined; default?: string[]; }; }' is not assignable to type 'ShortcutMap'.
  'string' index signatures are incompatible.
    Type 'KeyboardShortcut | { keys: string[]; id?: string | undefined; description?: string | undefined; category?: "global" | "navigation" | "editing" | "bulk" | "other" | undefined; default?: string[] | undefined; }' is not assignable to type 'KeyboardShortcut'.
      Type '{ keys: string[]; id?: string | undefined; description?: string | undefined; category?: "global" | "navigation" | "editing" | "bulk" | "other" | undefined; default?: string[]; }' is not assignable to type 'KeyboardShortcut'.
        Types of property 'id' are incompatible.
          Type 'string | undefined' is not assignable to type 'string'.
            Type 'undefined' is not assignable to type 'string'.
src/frontend/stores/KeyboardShortcuts.store.ts(137,56): error TS2322: Type '{ [x: string]: KeyboardShortcut | undefined; }' is not assignable to type 'ShortcutMap'.
  'string' index signatures are incompatible.
    Type 'KeyboardShortcut | undefined' is not assignable to type 'KeyboardShortcut'.
      Type 'undefined' is not assignable to type 'KeyboardShortcut'.
src/frontend/stores/Settings.store.ts(109,20): error TS2729: Property 'store' is used before its initialization.
src/frontend/stores/TaskOrder.store.ts(30,36): error TS2345: Argument of type 'TaskDTO | undefined' is not assignable to parameter of type 'TaskDTO'.
  Type 'undefined' is not assignable to type 'TaskDTO'.
src/frontend/utils/accessibility.ts(251,9): error TS18048: 'lastElement' is possibly 'undefined'.
src/frontend/utils/accessibility.ts(257,9): error TS18048: 'firstElement' is possibly 'undefined'.
src/frontend/utils/accessibility.ts(265,3): error TS18048: 'firstElement' is possibly 'undefined'.
src/index.ts(48,35): error TS2307: Cannot find module '@stores/Settings.store' or its corresponding type declarations.
src/index.ts(50,42): error TS2307: Cannot find module '@stores/TaskAnalytics.store' or its corresponding type declarations.
src/index.ts(52,27): error TS2307: Cannot find module '@stores/Task.store' or its corresponding type declarations.
src/index.ts(175,9): error TS2322: Type 'TaskStorage' is not assignable to type 'TaskDataSource'.
  The types returned by 'getAllTasks()' are incompatible between these types.
    Type 'Task[]' is not assignable to type 'RawTaskShape[]'.
      Type 'Task' is not assignable to type 'RawTaskShape'.
        Types of property 'dependsOn' are incompatible.
          Type 'readonly string[] | undefined' is not assignable to type 'string[] | undefined'.
            The type 'readonly string[]' is 'readonly' and cannot be assigned to the mutable type 'string[]'.
src/index.ts(191,35): error TS2322: Type 'TaskService' is not assignable to type 'TaskServiceLike'.
  Types of property 'createTask' are incompatible.
    Type '(input: CreateTaskInput) => Promise<TaskMutationResult>' is not assignable to type '(input: Record<string, unknown>) => Promise<TaskMutationResult>'.
      Types of parameters 'input' and 'input' are incompatible.
        Type 'Record<string, unknown>' is missing the following properties from type 'CreateTaskInput': name, dueAt
src/index.ts(257,14): error TS2307: Cannot find module '@stores/RuntimeReady.store' or its corresponding type declarations.
src/index.ts(260,14): error TS2307: Cannot find module '@stores/RuntimeReady.store' or its corresponding type declarations.
src/index.ts(404,43): error TS2345: Argument of type 'TaskDTO' is not assignable to parameter of type 'Task'.
  Type 'TaskDTO' is missing the following properties from type 'Task': version, createdAt, updatedAt
src/index.ts(405,59): error TS2345: Argument of type 'TaskDTO' is not assignable to parameter of type 'Task'.
  Type 'TaskDTO' is missing the following properties from type 'Task': version, createdAt, updatedAt
src/index.ts(456,43): error TS2345: Argument of type 'TaskDTO' is not assignable to parameter of type 'Task'.
  Type 'TaskDTO' is missing the following properties from type 'Task': version, createdAt, updatedAt
src/index.ts(457,59): error TS2345: Argument of type 'TaskDTO' is not assignable to parameter of type 'Task'.
  Type 'TaskDTO' is missing the following properties from type 'Task': version, createdAt, updatedAt
src/shared/constants/statuses/StatusRegistry.ts(135,13): error TS2322: Type 'Status | undefined' is not assignable to type 'Status'.
  Type 'undefined' is not assignable to type 'Status'.
src/shared/constants/statuses/StatusRegistry.ts(298,9): error TS2322: Type 'Status | undefined' is not assignable to type 'Status'.
  Type 'undefined' is not assignable to type 'Status'.
src/shared/utils/index.ts(30,1): error TS2308: Module './lib' has already exported a member named 'Logger'. Consider explicitly re-exporting to resolve the ambiguity.
